---
source: tests/e2e_snapshot_test.rs
expression: lines
---
[
    "📂  /test",
    "╔══════════════════════════════════════════════════════════════════════════════╗",
    "║>> ▼   test                                                                   ║",
    "║       • 001_init.sql                                                         ║",
    "║       • 002_users.sql                                                        ║",
    "║       • 003_products.sql                                                     ║",
    "║                                                                              ║",
    "║                                                                              ║",
    "║                                                                              ║",
    "║                                                                              ║",
    "║                                                                              ║",
    "║                                                                              ║",
    "║                                                                              ║",
    "║                                                                              ║",
    "║                                                                              ║",
    "║                                                                              ║",
    "║                                                                              ║",
    "║                                                                              ║",
    "║                                                                              ║",
    "║                                                                              ║",
    "║                                                                              ║",
    "║                                                                              ║",
    "║                                                                              ║",
    "╚══════════════════════════════════════════════════════════════Press h for help╝",
]
