---
source: tests/e2e_interactive_test.rs
expression: snapshot
---
[
    "📂  /test",
    "╔══════════════════════════════════════════════════════════════════════════════╗",
    "║>> ▼   test                                                                   ║",
    "║       • 001_init.sql                                                         ║",
    "║                                                                              ║",
    "║                                                                              ║",
    "║                                                                              ║",
    "║                                                                              ║",
    "║                                                                              ║",
    "║                                                                              ║",
    "║                                                                              ║",
    "║                                                                              ║",
    "║                                                                              ║",
    "║                                                                              ║",
    "║                                                                              ║",
    "║                                                                              ║",
    "║                                                                              ║",
    "║                                                                              ║",
    "║                                                                              ║",
    "║                                                                              ║",
    "║                                                                              ║",
    "║                                                                              ║",
    "║                                                                              ║",
    "╚══════════════════════════════════════════════════════════════Press h for help╝",
]
